2014-05-31 04:33:06,296 [http-8080-1] ERROR com.xuggle.ferry.JNILibraryLoader - Could not load library: xuggle-xuggler; version: 3; Visit http://www.xuggle.com/xuggler/faq/ to find common solutions to this problem
2014-05-31 04:34:51,832 [http-8080-2] ERROR com.xuggle.ferry.JNILibraryLoader - Could not load library: xuggle-xuggler; version: 3; Visit http://www.xuggle.com/xuggler/faq/ to find common solutions to this problem
2014-05-31 04:41:06,628 [http-8080-1] ERROR com.xuggle.ferry.JNILibraryLoader - Could not load library: xuggle-xuggler; version: 3; Visit http://www.xuggle.com/xuggler/faq/ to find common solutions to this problem
2014-05-31 04:42:24,556 [http-8080-1] ERROR com.xuggle.ferry.JNILibraryLoader - Could not load library: xuggle-xuggler; version: 3; Visit http://www.xuggle.com/xuggler/faq/ to find common solutions to this problem
2014-05-31 04:46:05,448 [http-8080-1] WARN  com.xuggle.xuggler - writeTrailer() with no matching call to writeHeader() (../../../../../../../csrc/com/xuggle/xuggler/Container.cpp:863)
2014-05-31 04:46:05,459 [http-8080-1] ERROR org.ffmpeg - [mp3 @ 0x7fb74703dba0] Header missing
2014-05-31 04:46:05,558 [Finalizer] DEBUG com.xuggle.xuggler - Closing dangling Container (../../../../../../../csrc/com/xuggle/xuggler/Container.cpp:146)
2014-05-31 04:46:05,559 [Finalizer] DEBUG com.xuggle.xuggler - Closing dangling StreamCoder (../../../../../../../csrc/com/xuggle/xuggler/StreamCoder.cpp:96)
2014-05-31 04:46:05,561 [http-8080-1] DEBUG com.xuggle.xuggler - Closing dangling Container (../../../../../../../csrc/com/xuggle/xuggler/Container.cpp:146)
2014-05-31 04:46:05,561 [http-8080-1] DEBUG com.xuggle.xuggler - Closing dangling StreamCoder (../../../../../../../csrc/com/xuggle/xuggler/StreamCoder.cpp:96)
2014-05-31 04:46:05,564 [http-8080-1] DEBUG com.xuggle.xuggler - Closing dangling Container (../../../../../../../csrc/com/xuggle/xuggler/Container.cpp:146)
2014-05-31 04:46:05,564 [http-8080-1] DEBUG com.xuggle.xuggler - Closing dangling Container (../../../../../../../csrc/com/xuggle/xuggler/Container.cpp:146)
2014-05-31 04:46:05,564 [http-8080-1] DEBUG com.xuggle.xuggler - Closing dangling StreamCoder (../../../../../../../csrc/com/xuggle/xuggler/StreamCoder.cpp:96)
2014-05-31 04:46:05,618 [http-8080-1] ERROR org.ffmpeg - [mp3 @ 0x7fb7744109c0] Header missing
2014-05-31 05:18:54,541 [http-8080-1] WARN  com.xuggle.xuggler - writeTrailer() with no matching call to writeHeader() (../../../../../../../csrc/com/xuggle/xuggler/Container.cpp:863)
2014-05-31 05:18:54,553 [http-8080-1] ERROR org.ffmpeg - [mp3 @ 0x7ffb3314d180] Header missing
2014-05-31 05:18:54,657 [http-8080-1] DEBUG com.xuggle.xuggler - Closing dangling Container (../../../../../../../csrc/com/xuggle/xuggler/Container.cpp:146)
2014-05-31 05:18:54,657 [http-8080-1] DEBUG com.xuggle.xuggler - Closing dangling StreamCoder (../../../../../../../csrc/com/xuggle/xuggler/StreamCoder.cpp:96)
2014-05-31 05:18:54,659 [Finalizer] DEBUG com.xuggle.xuggler - Closing dangling Container (../../../../../../../csrc/com/xuggle/xuggler/Container.cpp:146)
2014-05-31 05:18:54,660 [Finalizer] DEBUG com.xuggle.xuggler - Closing dangling StreamCoder (../../../../../../../csrc/com/xuggle/xuggler/StreamCoder.cpp:96)
2014-05-31 05:18:54,661 [Finalizer] DEBUG com.xuggle.xuggler - Closing dangling Container (../../../../../../../csrc/com/xuggle/xuggler/Container.cpp:146)
2014-05-31 05:18:54,661 [Finalizer] DEBUG com.xuggle.xuggler - Closing dangling StreamCoder (../../../../../../../csrc/com/xuggle/xuggler/StreamCoder.cpp:96)
2014-05-31 05:18:54,664 [http-8080-1] DEBUG com.xuggle.xuggler - Closing dangling Container (../../../../../../../csrc/com/xuggle/xuggler/Container.cpp:146)
2014-06-01 03:35:42,709 [http-8080-1] WARN  com.xuggle.xuggler - writeTrailer() with no matching call to writeHeader() (../../../../../../../csrc/com/xuggle/xuggler/Container.cpp:863)
2014-06-01 03:35:42,737 [http-8080-1] ERROR org.ffmpeg - [mp3 @ 0x7fee753ac980] Header missing
2014-06-01 03:35:42,791 [Finalizer] DEBUG com.xuggle.xuggler - Closing dangling Container (../../../../../../../csrc/com/xuggle/xuggler/Container.cpp:146)
2014-06-01 03:35:42,792 [Finalizer] DEBUG com.xuggle.xuggler - Closing dangling StreamCoder (../../../../../../../csrc/com/xuggle/xuggler/StreamCoder.cpp:96)
2014-06-01 03:35:42,793 [http-8080-1] DEBUG com.xuggle.xuggler - Closing dangling Container (../../../../../../../csrc/com/xuggle/xuggler/Container.cpp:146)
2014-06-01 03:35:42,793 [http-8080-1] DEBUG com.xuggle.xuggler - Closing dangling StreamCoder (../../../../../../../csrc/com/xuggle/xuggler/StreamCoder.cpp:96)
2014-06-01 03:35:42,795 [Finalizer] DEBUG com.xuggle.xuggler - Closing dangling Container (../../../../../../../csrc/com/xuggle/xuggler/Container.cpp:146)
2014-06-01 03:58:06,099 [http-8080-1] WARN  com.xuggle.xuggler - writeTrailer() with no matching call to writeHeader() (../../../../../../../csrc/com/xuggle/xuggler/Container.cpp:863)
2014-06-01 03:58:06,108 [http-8080-1] ERROR org.ffmpeg - [mp3 @ 0x7f770189cc80] Header missing
2014-06-01 04:07:42,961 [http-8080-1] WARN  com.xuggle.xuggler - writeTrailer() with no matching call to writeHeader() (../../../../../../../csrc/com/xuggle/xuggler/Container.cpp:863)
2014-06-01 04:07:42,970 [http-8080-1] ERROR org.ffmpeg - [mp3 @ 0x7f4fc9b22a40] Header missing
2014-06-01 04:08:50,826 [http-8080-1] WARN  com.xuggle.xuggler - writeTrailer() with no matching call to writeHeader() (../../../../../../../csrc/com/xuggle/xuggler/Container.cpp:863)
2014-06-01 04:08:50,835 [http-8080-1] ERROR org.ffmpeg - [mp3 @ 0x7f46dd84f160] Header missing
2014-06-01 04:12:29,958 [http-8080-1] WARN  com.xuggle.xuggler - writeTrailer() with no matching call to writeHeader() (../../../../../../../csrc/com/xuggle/xuggler/Container.cpp:863)
2014-06-01 04:12:29,966 [http-8080-1] ERROR org.ffmpeg - [mp3 @ 0x7fa32583be20] Header missing
2014-06-01 04:14:02,055 [http-8080-1] WARN  com.xuggle.xuggler - writeTrailer() with no matching call to writeHeader() (../../../../../../../csrc/com/xuggle/xuggler/Container.cpp:863)
2014-06-01 04:14:02,064 [http-8080-1] ERROR org.ffmpeg - [mp3 @ 0x7fd4a98602e0] Header missing
2014-06-01 04:18:07,845 [http-8080-1] WARN  com.xuggle.xuggler - writeTrailer() with no matching call to writeHeader() (../../../../../../../csrc/com/xuggle/xuggler/Container.cpp:863)
2014-06-01 04:18:07,854 [http-8080-1] ERROR org.ffmpeg - [mp3 @ 0x7f5ffafe7180] Header missing
2014-06-01 04:18:07,968 [Finalizer] DEBUG com.xuggle.xuggler - Closing dangling Container (../../../../../../../csrc/com/xuggle/xuggler/Container.cpp:146)
2014-06-01 04:18:07,969 [Finalizer] DEBUG com.xuggle.xuggler - Closing dangling StreamCoder (../../../../../../../csrc/com/xuggle/xuggler/StreamCoder.cpp:96)
2014-06-01 04:18:07,971 [Finalizer] DEBUG com.xuggle.xuggler - Closing dangling Container (../../../../../../../csrc/com/xuggle/xuggler/Container.cpp:146)
2014-06-01 04:18:07,971 [Finalizer] DEBUG com.xuggle.xuggler - Closing dangling StreamCoder (../../../../../../../csrc/com/xuggle/xuggler/StreamCoder.cpp:96)
2014-06-01 04:18:07,973 [Finalizer] DEBUG com.xuggle.xuggler - Closing dangling Container (../../../../../../../csrc/com/xuggle/xuggler/Container.cpp:146)
2014-06-01 04:18:07,974 [Finalizer] DEBUG com.xuggle.xuggler - Closing dangling Container (../../../../../../../csrc/com/xuggle/xuggler/Container.cpp:146)
2014-06-01 04:18:07,974 [Finalizer] DEBUG com.xuggle.xuggler - Closing dangling StreamCoder (../../../../../../../csrc/com/xuggle/xuggler/StreamCoder.cpp:96)
2014-06-01 04:18:07,977 [Finalizer] DEBUG com.xuggle.xuggler - Closing dangling Container (../../../../../../../csrc/com/xuggle/xuggler/Container.cpp:146)
2014-06-01 04:18:07,978 [Finalizer] DEBUG com.xuggle.xuggler - Closing dangling StreamCoder (../../../../../../../csrc/com/xuggle/xuggler/StreamCoder.cpp:96)
2014-06-01 04:22:57,921 [http-8080-1] WARN  com.xuggle.xuggler - writeTrailer() with no matching call to writeHeader() (../../../../../../../csrc/com/xuggle/xuggler/Container.cpp:863)
2014-06-01 04:22:57,929 [http-8080-1] ERROR org.ffmpeg - [mp3 @ 0x7ff8c17d9960] Header missing
2014-06-01 04:41:07,059 [http-8080-1] WARN  com.xuggle.xuggler - writeTrailer() with no matching call to writeHeader() (../../../../../../../csrc/com/xuggle/xuggler/Container.cpp:863)
2014-06-01 04:41:07,067 [http-8080-1] ERROR org.ffmpeg - [mp3 @ 0x7f252583a000] Header missing
2014-06-01 04:41:48,113 [http-8080-1] WARN  com.xuggle.xuggler - writeTrailer() with no matching call to writeHeader() (../../../../../../../csrc/com/xuggle/xuggler/Container.cpp:863)
2014-06-01 04:41:48,122 [http-8080-1] ERROR org.ffmpeg - [mp3 @ 0x7f3ce57a4700] Header missing
2014-06-01 04:52:50,141 [http-8080-1] WARN  com.xuggle.xuggler - writeTrailer() with no matching call to writeHeader() (../../../../../../../csrc/com/xuggle/xuggler/Container.cpp:863)
2014-06-01 04:52:50,150 [http-8080-1] ERROR org.ffmpeg - [mp3 @ 0x7ff66565f080] Header missing
2014-06-01 04:54:58,397 [http-8080-1] WARN  com.xuggle.xuggler - writeTrailer() with no matching call to writeHeader() (../../../../../../../csrc/com/xuggle/xuggler/Container.cpp:863)
2014-06-01 04:54:58,405 [http-8080-1] ERROR org.ffmpeg - [mp3 @ 0x7f78197eecc0] Header missing
2014-06-01 04:56:08,227 [http-8080-1] WARN  com.xuggle.xuggler - writeTrailer() with no matching call to writeHeader() (../../../../../../../csrc/com/xuggle/xuggler/Container.cpp:863)
2014-06-01 04:56:08,236 [http-8080-1] ERROR org.ffmpeg - [mp3 @ 0x7fd2f176d600] Header missing
2014-06-01 05:18:38,778 [http-8080-1] WARN  com.xuggle.xuggler - writeTrailer() with no matching call to writeHeader() (../../../../../../../csrc/com/xuggle/xuggler/Container.cpp:863)
2014-06-01 05:18:38,787 [http-8080-1] ERROR org.ffmpeg - [mp3 @ 0x7f205efb4de0] Header missing
2014-06-01 05:18:38,905 [Finalizer] DEBUG com.xuggle.xuggler - Closing dangling Container (../../../../../../../csrc/com/xuggle/xuggler/Container.cpp:146)
2014-06-01 05:18:38,906 [Finalizer] DEBUG com.xuggle.xuggler - Closing dangling StreamCoder (../../../../../../../csrc/com/xuggle/xuggler/StreamCoder.cpp:96)
2014-06-01 05:18:38,907 [Finalizer] DEBUG com.xuggle.xuggler - Closing dangling Container (../../../../../../../csrc/com/xuggle/xuggler/Container.cpp:146)
2014-06-01 05:18:38,909 [Finalizer] DEBUG com.xuggle.xuggler - Closing dangling Container (../../../../../../../csrc/com/xuggle/xuggler/Container.cpp:146)
2014-06-01 05:18:38,909 [Finalizer] DEBUG com.xuggle.xuggler - Closing dangling StreamCoder (../../../../../../../csrc/com/xuggle/xuggler/StreamCoder.cpp:96)
2014-06-01 05:18:38,914 [Finalizer] DEBUG com.xuggle.xuggler - Closing dangling Container (../../../../../../../csrc/com/xuggle/xuggler/Container.cpp:146)
2014-06-01 05:18:38,914 [Finalizer] DEBUG com.xuggle.xuggler - Closing dangling StreamCoder (../../../../../../../csrc/com/xuggle/xuggler/StreamCoder.cpp:96)
2014-06-01 05:18:38,914 [Finalizer] DEBUG com.xuggle.xuggler - Closing dangling Container (../../../../../../../csrc/com/xuggle/xuggler/Container.cpp:146)
2014-06-01 05:18:38,914 [Finalizer] DEBUG com.xuggle.xuggler - Closing dangling StreamCoder (../../../../../../../csrc/com/xuggle/xuggler/StreamCoder.cpp:96)
2014-06-01 05:20:02,833 [http-8080-1] WARN  com.xuggle.xuggler - writeTrailer() with no matching call to writeHeader() (../../../../../../../csrc/com/xuggle/xuggler/Container.cpp:863)
2014-06-01 05:20:02,841 [http-8080-1] ERROR org.ffmpeg - [mp3 @ 0x7fb63dc65280] Header missing
2014-06-01 05:24:08,457 [http-8080-1] WARN  com.xuggle.xuggler - writeTrailer() with no matching call to writeHeader() (../../../../../../../csrc/com/xuggle/xuggler/Container.cpp:863)
2014-06-01 05:24:08,469 [http-8080-1] ERROR org.ffmpeg - [mp3 @ 0x7fedff09b080] Header missing
2014-06-01 05:24:08,568 [http-8080-1] DEBUG com.xuggle.xuggler - Closing dangling Container (../../../../../../../csrc/com/xuggle/xuggler/Container.cpp:146)
2014-06-01 05:24:08,568 [http-8080-1] DEBUG com.xuggle.xuggler - Closing dangling StreamCoder (../../../../../../../csrc/com/xuggle/xuggler/StreamCoder.cpp:96)
2014-06-01 05:24:08,570 [Finalizer] DEBUG com.xuggle.xuggler - Closing dangling Container (../../../../../../../csrc/com/xuggle/xuggler/Container.cpp:146)
2014-06-01 05:24:08,571 [Finalizer] DEBUG com.xuggle.xuggler - Closing dangling StreamCoder (../../../../../../../csrc/com/xuggle/xuggler/StreamCoder.cpp:96)
2014-06-01 05:24:08,573 [Finalizer] DEBUG com.xuggle.xuggler - Closing dangling Container (../../../../../../../csrc/com/xuggle/xuggler/Container.cpp:146)
2014-06-01 05:24:08,573 [http-8080-1] DEBUG com.xuggle.xuggler - Closing dangling Container (../../../../../../../csrc/com/xuggle/xuggler/Container.cpp:146)
2014-06-01 05:24:08,573 [http-8080-1] DEBUG com.xuggle.xuggler - Closing dangling StreamCoder (../../../../../../../csrc/com/xuggle/xuggler/StreamCoder.cpp:96)
2014-06-01 05:25:08,010 [http-8080-1] WARN  com.xuggle.xuggler - writeTrailer() with no matching call to writeHeader() (../../../../../../../csrc/com/xuggle/xuggler/Container.cpp:863)
2014-06-01 05:25:08,021 [http-8080-1] ERROR org.ffmpeg - [mp3 @ 0x7fb46b7adf80] Header missing
2014-06-01 05:25:08,126 [http-8080-1] ERROR org.ffmpeg - [mp3 @ 0x7fb46b852400] Header missing
2014-06-01 05:26:06,340 [http-8080-1] WARN  com.xuggle.xuggler - writeTrailer() with no matching call to writeHeader() (../../../../../../../csrc/com/xuggle/xuggler/Container.cpp:863)
2014-06-01 05:26:06,352 [http-8080-1] ERROR org.ffmpeg - [mp3 @ 0x7f3f26f487a0] Header missing
2014-06-01 05:26:06,551 [Finalizer] DEBUG com.xuggle.xuggler - Closing dangling Container (../../../../../../../csrc/com/xuggle/xuggler/Container.cpp:146)
2014-06-01 05:26:06,556 [Finalizer] DEBUG com.xuggle.xuggler - Closing dangling StreamCoder (../../../../../../../csrc/com/xuggle/xuggler/StreamCoder.cpp:96)
2014-06-01 05:26:06,559 [Finalizer] DEBUG com.xuggle.xuggler - Closing dangling Container (../../../../../../../csrc/com/xuggle/xuggler/Container.cpp:146)
2014-06-01 05:26:06,559 [Finalizer] DEBUG com.xuggle.xuggler - Closing dangling StreamCoder (../../../../../../../csrc/com/xuggle/xuggler/StreamCoder.cpp:96)
2014-06-01 05:26:06,572 [Finalizer] DEBUG com.xuggle.xuggler - Closing dangling Container (../../../../../../../csrc/com/xuggle/xuggler/Container.cpp:146)
2014-06-01 05:26:06,572 [Finalizer] DEBUG com.xuggle.xuggler - Closing dangling StreamCoder (../../../../../../../csrc/com/xuggle/xuggler/StreamCoder.cpp:96)
2014-06-01 05:26:06,573 [Finalizer] DEBUG com.xuggle.xuggler - Closing dangling Container (../../../../../../../csrc/com/xuggle/xuggler/Container.cpp:146)
2014-06-01 05:26:06,573 [Finalizer] DEBUG com.xuggle.xuggler - Closing dangling Container (../../../../../../../csrc/com/xuggle/xuggler/Container.cpp:146)
2014-06-01 05:26:06,573 [Finalizer] DEBUG com.xuggle.xuggler - Closing dangling StreamCoder (../../../../../../../csrc/com/xuggle/xuggler/StreamCoder.cpp:96)
2014-06-01 05:29:15,401 [http-8080-1] WARN  com.xuggle.xuggler - writeTrailer() with no matching call to writeHeader() (../../../../../../../csrc/com/xuggle/xuggler/Container.cpp:863)
2014-06-01 05:29:15,413 [http-8080-1] ERROR org.ffmpeg - [mp3 @ 0x7fd4030104a0] Header missing
2014-06-01 05:29:15,530 [http-8080-1] DEBUG com.xuggle.xuggler - Closing dangling Container (../../../../../../../csrc/com/xuggle/xuggler/Container.cpp:146)
2014-06-01 05:29:15,531 [http-8080-1] DEBUG com.xuggle.xuggler - Closing dangling StreamCoder (../../../../../../../csrc/com/xuggle/xuggler/StreamCoder.cpp:96)
2014-06-01 05:29:15,538 [http-8080-1] DEBUG com.xuggle.xuggler - Closing dangling Container (../../../../../../../csrc/com/xuggle/xuggler/Container.cpp:146)
2014-06-01 05:29:15,538 [http-8080-1] DEBUG com.xuggle.xuggler - Closing dangling StreamCoder (../../../../../../../csrc/com/xuggle/xuggler/StreamCoder.cpp:96)
2014-06-01 05:29:15,538 [Finalizer] DEBUG com.xuggle.xuggler - Closing dangling Container (../../../../../../../csrc/com/xuggle/xuggler/Container.cpp:146)
2014-06-01 05:29:15,539 [Finalizer] DEBUG com.xuggle.xuggler - Closing dangling Container (../../../../../../../csrc/com/xuggle/xuggler/Container.cpp:146)
2014-06-01 05:29:15,540 [Finalizer] DEBUG com.xuggle.xuggler - Closing dangling StreamCoder (../../../../../../../csrc/com/xuggle/xuggler/StreamCoder.cpp:96)
2014-06-01 05:34:49,527 [http-8080-1] WARN  com.xuggle.xuggler - writeTrailer() with no matching call to writeHeader() (../../../../../../../csrc/com/xuggle/xuggler/Container.cpp:863)
2014-06-01 05:34:49,538 [http-8080-1] ERROR org.ffmpeg - [mp3 @ 0x7fa286f77e20] Header missing
2014-06-01 05:34:49,685 [Finalizer] DEBUG com.xuggle.xuggler - Closing dangling Container (../../../../../../../csrc/com/xuggle/xuggler/Container.cpp:146)
2014-06-01 05:34:49,687 [Finalizer] DEBUG com.xuggle.xuggler - Closing dangling StreamCoder (../../../../../../../csrc/com/xuggle/xuggler/StreamCoder.cpp:96)
2014-06-01 05:34:49,689 [Finalizer] DEBUG com.xuggle.xuggler - Closing dangling Container (../../../../../../../csrc/com/xuggle/xuggler/Container.cpp:146)
2014-06-01 05:34:49,689 [Finalizer] DEBUG com.xuggle.xuggler - Closing dangling StreamCoder (../../../../../../../csrc/com/xuggle/xuggler/StreamCoder.cpp:96)
2014-06-01 05:34:49,696 [Finalizer] DEBUG com.xuggle.xuggler - Closing dangling Container (../../../../../../../csrc/com/xuggle/xuggler/Container.cpp:146)
2014-06-01 05:34:49,696 [Finalizer] DEBUG com.xuggle.xuggler - Closing dangling StreamCoder (../../../../../../../csrc/com/xuggle/xuggler/StreamCoder.cpp:96)
2014-06-01 05:34:49,704 [Finalizer] DEBUG com.xuggle.xuggler - Closing dangling Container (../../../../../../../csrc/com/xuggle/xuggler/Container.cpp:146)
2014-06-01 05:34:49,704 [Finalizer] DEBUG com.xuggle.xuggler - Closing dangling Container (../../../../../../../csrc/com/xuggle/xuggler/Container.cpp:146)
2014-06-01 05:34:49,704 [Finalizer] DEBUG com.xuggle.xuggler - Closing dangling StreamCoder (../../../../../../../csrc/com/xuggle/xuggler/StreamCoder.cpp:96)
2014-06-01 05:36:01,146 [http-8080-1] WARN  com.xuggle.xuggler - writeTrailer() with no matching call to writeHeader() (../../../../../../../csrc/com/xuggle/xuggler/Container.cpp:863)
2014-06-01 05:36:01,157 [http-8080-1] ERROR org.ffmpeg - [mp3 @ 0x7f4951e15480] Header missing
2014-06-01 05:36:01,262 [http-8080-1] ERROR org.ffmpeg - [mp3 @ 0x7f4954328040] Header missing
2014-06-01 05:37:11,629 [http-8080-1] WARN  com.xuggle.xuggler - writeTrailer() with no matching call to writeHeader() (../../../../../../../csrc/com/xuggle/xuggler/Container.cpp:863)
2014-06-01 05:37:11,642 [http-8080-1] ERROR org.ffmpeg - [mp3 @ 0x7fca66fe9ae0] Header missing
2014-06-01 05:37:11,821 [Finalizer] DEBUG com.xuggle.xuggler - Closing dangling Container (../../../../../../../csrc/com/xuggle/xuggler/Container.cpp:146)
2014-06-01 05:37:11,831 [Finalizer] DEBUG com.xuggle.xuggler - Closing dangling StreamCoder (../../../../../../../csrc/com/xuggle/xuggler/StreamCoder.cpp:96)
2014-06-01 05:37:11,835 [Finalizer] DEBUG com.xuggle.xuggler - Closing dangling Container (../../../../../../../csrc/com/xuggle/xuggler/Container.cpp:146)
2014-06-01 05:37:11,835 [Finalizer] DEBUG com.xuggle.xuggler - Closing dangling StreamCoder (../../../../../../../csrc/com/xuggle/xuggler/StreamCoder.cpp:96)
2014-06-01 05:37:11,837 [Finalizer] DEBUG com.xuggle.xuggler - Closing dangling Container (../../../../../../../csrc/com/xuggle/xuggler/Container.cpp:146)
2014-06-01 05:37:11,837 [Finalizer] DEBUG com.xuggle.xuggler - Closing dangling StreamCoder (../../../../../../../csrc/com/xuggle/xuggler/StreamCoder.cpp:96)
2014-06-01 05:37:11,847 [Finalizer] DEBUG com.xuggle.xuggler - Closing dangling Container (../../../../../../../csrc/com/xuggle/xuggler/Container.cpp:146)
2014-06-01 05:37:11,848 [Finalizer] DEBUG com.xuggle.xuggler - Closing dangling Container (../../../../../../../csrc/com/xuggle/xuggler/Container.cpp:146)
2014-06-01 05:37:11,848 [Finalizer] DEBUG com.xuggle.xuggler - Closing dangling StreamCoder (../../../../../../../csrc/com/xuggle/xuggler/StreamCoder.cpp:96)
2014-06-01 05:44:35,641 [http-8080-1] WARN  com.xuggle.xuggler - writeTrailer() with no matching call to writeHeader() (../../../../../../../csrc/com/xuggle/xuggler/Container.cpp:863)
2014-06-01 05:44:35,653 [http-8080-1] ERROR org.ffmpeg - [mp3 @ 0x7f304315a560] Header missing
2014-06-01 05:44:35,767 [Finalizer] DEBUG com.xuggle.xuggler - Closing dangling Container (../../../../../../../csrc/com/xuggle/xuggler/Container.cpp:146)
2014-06-01 05:44:35,768 [Finalizer] DEBUG com.xuggle.xuggler - Closing dangling StreamCoder (../../../../../../../csrc/com/xuggle/xuggler/StreamCoder.cpp:96)
2014-06-01 05:44:35,770 [Finalizer] DEBUG com.xuggle.xuggler - Closing dangling Container (../../../../../../../csrc/com/xuggle/xuggler/Container.cpp:146)
2014-06-01 05:44:35,770 [Finalizer] DEBUG com.xuggle.xuggler - Closing dangling StreamCoder (../../../../../../../csrc/com/xuggle/xuggler/StreamCoder.cpp:96)
2014-06-01 05:44:35,770 [http-8080-1] DEBUG com.xuggle.xuggler - Closing dangling Container (../../../../../../../csrc/com/xuggle/xuggler/Container.cpp:146)
2014-06-01 05:44:35,775 [Finalizer] DEBUG com.xuggle.xuggler - Closing dangling Container (../../../../../../../csrc/com/xuggle/xuggler/Container.cpp:146)
2014-06-01 05:44:35,775 [Finalizer] DEBUG com.xuggle.xuggler - Closing dangling StreamCoder (../../../../../../../csrc/com/xuggle/xuggler/StreamCoder.cpp:96)
2014-06-01 05:46:02,044 [http-8080-1] WARN  com.xuggle.xuggler - writeTrailer() with no matching call to writeHeader() (../../../../../../../csrc/com/xuggle/xuggler/Container.cpp:863)
2014-06-01 05:46:02,055 [http-8080-1] ERROR org.ffmpeg - [mp3 @ 0x7f295efd7540] Header missing
2014-06-01 05:46:02,176 [Finalizer] DEBUG com.xuggle.xuggler - Closing dangling Container (../../../../../../../csrc/com/xuggle/xuggler/Container.cpp:146)
2014-06-01 05:46:02,177 [Finalizer] DEBUG com.xuggle.xuggler - Closing dangling StreamCoder (../../../../../../../csrc/com/xuggle/xuggler/StreamCoder.cpp:96)
2014-06-01 05:46:02,181 [http-8080-1] DEBUG com.xuggle.xuggler - Closing dangling Container (../../../../../../../csrc/com/xuggle/xuggler/Container.cpp:146)
2014-06-01 05:46:02,181 [http-8080-1] DEBUG com.xuggle.xuggler - Closing dangling StreamCoder (../../../../../../../csrc/com/xuggle/xuggler/StreamCoder.cpp:96)
2014-06-01 05:46:02,182 [Finalizer] DEBUG com.xuggle.xuggler - Closing dangling Container (../../../../../../../csrc/com/xuggle/xuggler/Container.cpp:146)
2014-06-01 05:46:02,182 [Finalizer] DEBUG com.xuggle.xuggler - Closing dangling StreamCoder (../../../../../../../csrc/com/xuggle/xuggler/StreamCoder.cpp:96)
2014-06-01 05:46:02,184 [http-8080-1] DEBUG com.xuggle.xuggler - Closing dangling Container (../../../../../../../csrc/com/xuggle/xuggler/Container.cpp:146)
2014-06-01 05:47:10,160 [http-8080-1] WARN  com.xuggle.xuggler - writeTrailer() with no matching call to writeHeader() (../../../../../../../csrc/com/xuggle/xuggler/Container.cpp:863)
2014-06-01 05:47:10,172 [http-8080-1] ERROR org.ffmpeg - [mp3 @ 0x7fef2f145b80] Header missing
2014-06-01 05:47:10,313 [http-8080-1] DEBUG com.xuggle.xuggler - Closing dangling Container (../../../../../../../csrc/com/xuggle/xuggler/Container.cpp:146)
2014-06-01 05:47:10,313 [http-8080-1] DEBUG com.xuggle.xuggler - Closing dangling StreamCoder (../../../../../../../csrc/com/xuggle/xuggler/StreamCoder.cpp:96)
2014-06-01 05:47:10,314 [Finalizer] DEBUG com.xuggle.xuggler - Closing dangling Container (../../../../../../../csrc/com/xuggle/xuggler/Container.cpp:146)
2014-06-01 05:47:10,314 [Finalizer] DEBUG com.xuggle.xuggler - Closing dangling StreamCoder (../../../../../../../csrc/com/xuggle/xuggler/StreamCoder.cpp:96)
2014-06-01 05:47:10,315 [http-8080-1] DEBUG com.xuggle.xuggler - Closing dangling Container (../../../../../../../csrc/com/xuggle/xuggler/Container.cpp:146)
2014-06-01 05:47:10,317 [Finalizer] DEBUG com.xuggle.xuggler - Closing dangling Container (../../../../../../../csrc/com/xuggle/xuggler/Container.cpp:146)
2014-06-01 05:47:10,317 [Finalizer] DEBUG com.xuggle.xuggler - Closing dangling StreamCoder (../../../../../../../csrc/com/xuggle/xuggler/StreamCoder.cpp:96)
2014-06-01 05:49:11,697 [http-8080-1] WARN  com.xuggle.xuggler - writeTrailer() with no matching call to writeHeader() (../../../../../../../csrc/com/xuggle/xuggler/Container.cpp:863)
2014-06-01 05:49:11,708 [http-8080-1] ERROR org.ffmpeg - [mp3 @ 0x7f8caef9fc80] Header missing
2014-06-01 05:49:12,075 [Finalizer] DEBUG com.xuggle.xuggler - Closing dangling Container (../../../../../../../csrc/com/xuggle/xuggler/Container.cpp:146)
2014-06-01 05:49:12,076 [Finalizer] DEBUG com.xuggle.xuggler - Closing dangling StreamCoder (../../../../../../../csrc/com/xuggle/xuggler/StreamCoder.cpp:96)
2014-06-01 05:49:12,079 [Finalizer] DEBUG com.xuggle.xuggler - Closing dangling Container (../../../../../../../csrc/com/xuggle/xuggler/Container.cpp:146)
2014-06-01 05:49:12,079 [Finalizer] DEBUG com.xuggle.xuggler - Closing dangling StreamCoder (../../../../../../../csrc/com/xuggle/xuggler/StreamCoder.cpp:96)
2014-06-01 05:49:12,086 [Finalizer] DEBUG com.xuggle.xuggler - Closing dangling Container (../../../../../../../csrc/com/xuggle/xuggler/Container.cpp:146)
2014-06-01 05:49:12,086 [Finalizer] DEBUG com.xuggle.xuggler - Closing dangling StreamCoder (../../../../../../../csrc/com/xuggle/xuggler/StreamCoder.cpp:96)
2014-06-01 05:49:12,086 [Finalizer] DEBUG com.xuggle.xuggler - Closing dangling Container (../../../../../../../csrc/com/xuggle/xuggler/Container.cpp:146)
2014-06-01 05:49:12,086 [Finalizer] DEBUG com.xuggle.xuggler - Closing dangling Container (../../../../../../../csrc/com/xuggle/xuggler/Container.cpp:146)
2014-06-01 05:49:12,087 [Finalizer] DEBUG com.xuggle.xuggler - Closing dangling StreamCoder (../../../../../../../csrc/com/xuggle/xuggler/StreamCoder.cpp:96)
2014-06-01 05:50:43,573 [http-8080-1] WARN  com.xuggle.xuggler - writeTrailer() with no matching call to writeHeader() (../../../../../../../csrc/com/xuggle/xuggler/Container.cpp:863)
2014-06-01 05:50:43,584 [http-8080-1] ERROR org.ffmpeg - [mp3 @ 0x7ffcfd82aba0] Header missing
2014-06-01 05:53:51,880 [http-8080-1] WARN  com.xuggle.xuggler - writeTrailer() with no matching call to writeHeader() (../../../../../../../csrc/com/xuggle/xuggler/Container.cpp:863)
2014-06-01 05:53:51,891 [http-8080-1] ERROR org.ffmpeg - [mp3 @ 0x7f65858ee520] Header missing
2014-06-01 06:34:42,442 [http-8080-1] WARN  com.xuggle.xuggler - writeTrailer() with no matching call to writeHeader() (../../../../../../../csrc/com/xuggle/xuggler/Container.cpp:863)
2014-06-01 06:34:42,526 [http-8080-1] ERROR org.ffmpeg - [mp3 @ 0x7f4ecd282d00] Header missing
2014-06-01 06:34:42,581 [http-8080-1] DEBUG com.xuggle.xuggler - Closing dangling Container (../../../../../../../csrc/com/xuggle/xuggler/Container.cpp:146)
2014-06-01 06:34:42,581 [http-8080-1] DEBUG com.xuggle.xuggler - Closing dangling StreamCoder (../../../../../../../csrc/com/xuggle/xuggler/StreamCoder.cpp:96)
2014-06-01 06:34:42,581 [http-8080-1] DEBUG com.xuggle.xuggler - Closing dangling Container (../../../../../../../csrc/com/xuggle/xuggler/Container.cpp:146)
2014-06-01 06:34:42,581 [http-8080-1] DEBUG com.xuggle.xuggler - Closing dangling StreamCoder (../../../../../../../csrc/com/xuggle/xuggler/StreamCoder.cpp:96)
2014-06-01 06:34:42,581 [Finalizer] DEBUG com.xuggle.xuggler - Closing dangling Container (../../../../../../../csrc/com/xuggle/xuggler/Container.cpp:146)
2014-06-01 06:36:14,318 [http-8080-1] WARN  com.xuggle.xuggler - writeTrailer() with no matching call to writeHeader() (../../../../../../../csrc/com/xuggle/xuggler/Container.cpp:863)
2014-06-01 06:36:14,327 [http-8080-1] ERROR org.ffmpeg - [mp3 @ 0x7fb399b9da60] Header missing
2014-06-01 06:39:47,325 [http-8080-1] WARN  com.xuggle.xuggler - writeTrailer() with no matching call to writeHeader() (../../../../../../../csrc/com/xuggle/xuggler/Container.cpp:863)
2014-06-01 06:39:47,333 [http-8080-1] ERROR org.ffmpeg - [mp3 @ 0x7f99d6f9e320] Header missing
2014-06-01 06:39:47,496 [Finalizer] DEBUG com.xuggle.xuggler - Closing dangling Container (../../../../../../../csrc/com/xuggle/xuggler/Container.cpp:146)
2014-06-01 06:39:47,497 [Finalizer] DEBUG com.xuggle.xuggler - Closing dangling StreamCoder (../../../../../../../csrc/com/xuggle/xuggler/StreamCoder.cpp:96)
2014-06-01 06:39:47,498 [Finalizer] DEBUG com.xuggle.xuggler - Closing dangling Container (../../../../../../../csrc/com/xuggle/xuggler/Container.cpp:146)
2014-06-01 06:39:47,498 [Finalizer] DEBUG com.xuggle.xuggler - Closing dangling StreamCoder (../../../../../../../csrc/com/xuggle/xuggler/StreamCoder.cpp:96)
2014-06-01 06:39:47,504 [Finalizer] DEBUG com.xuggle.xuggler - Closing dangling Container (../../../../../../../csrc/com/xuggle/xuggler/Container.cpp:146)
2014-06-01 06:39:47,505 [Finalizer] DEBUG com.xuggle.xuggler - Closing dangling StreamCoder (../../../../../../../csrc/com/xuggle/xuggler/StreamCoder.cpp:96)
2014-06-01 06:39:47,505 [Finalizer] DEBUG com.xuggle.xuggler - Closing dangling Container (../../../../../../../csrc/com/xuggle/xuggler/Container.cpp:146)
2014-06-01 06:39:47,508 [Finalizer] DEBUG com.xuggle.xuggler - Closing dangling Container (../../../../../../../csrc/com/xuggle/xuggler/Container.cpp:146)
2014-06-01 06:39:47,508 [Finalizer] DEBUG com.xuggle.xuggler - Closing dangling StreamCoder (../../../../../../../csrc/com/xuggle/xuggler/StreamCoder.cpp:96)
2014-06-01 06:46:46,689 [http-8080-1] WARN  com.xuggle.xuggler - writeTrailer() with no matching call to writeHeader() (../../../../../../../csrc/com/xuggle/xuggler/Container.cpp:863)
2014-06-01 06:46:46,697 [http-8080-1] ERROR org.ffmpeg - [mp3 @ 0x7f913984b740] Header missing
2014-06-01 06:47:54,094 [http-8080-1] WARN  com.xuggle.xuggler - writeTrailer() with no matching call to writeHeader() (../../../../../../../csrc/com/xuggle/xuggler/Container.cpp:863)
2014-06-01 06:47:54,102 [http-8080-1] ERROR org.ffmpeg - [mp3 @ 0x7f1eab0102e0] Header missing
2014-06-01 06:47:54,191 [Finalizer] DEBUG com.xuggle.xuggler - Closing dangling Container (../../../../../../../csrc/com/xuggle/xuggler/Container.cpp:146)
2014-06-01 06:47:54,193 [Finalizer] DEBUG com.xuggle.xuggler - Closing dangling StreamCoder (../../../../../../../csrc/com/xuggle/xuggler/StreamCoder.cpp:96)
2014-06-01 06:47:54,193 [Finalizer] DEBUG com.xuggle.xuggler - Closing dangling Container (../../../../../../../csrc/com/xuggle/xuggler/Container.cpp:146)
2014-06-01 06:47:54,193 [Finalizer] DEBUG com.xuggle.xuggler - Closing dangling StreamCoder (../../../../../../../csrc/com/xuggle/xuggler/StreamCoder.cpp:96)
2014-06-01 06:47:54,195 [http-8080-1] DEBUG com.xuggle.xuggler - Closing dangling Container (../../../../../../../csrc/com/xuggle/xuggler/Container.cpp:146)
2014-06-01 06:47:54,195 [http-8080-1] DEBUG com.xuggle.xuggler - Closing dangling StreamCoder (../../../../../../../csrc/com/xuggle/xuggler/StreamCoder.cpp:96)
2014-06-01 06:47:54,198 [Finalizer] DEBUG com.xuggle.xuggler - Closing dangling Container (../../../../../../../csrc/com/xuggle/xuggler/Container.cpp:146)
2014-06-01 07:11:23,772 [http-8080-1] WARN  com.xuggle.xuggler - writeTrailer() with no matching call to writeHeader() (../../../../../../../csrc/com/xuggle/xuggler/Container.cpp:863)
2014-06-01 07:11:23,780 [http-8080-1] ERROR org.ffmpeg - [mp3 @ 0x7f2090217380] Header missing
2014-06-01 07:11:23,856 [http-8080-1] ERROR org.ffmpeg - [mp3 @ 0x7f2092883120] Header missing
2014-06-01 07:25:27,672 [http-8080-1] WARN  com.xuggle.xuggler - writeTrailer() with no matching call to writeHeader() (../../../../../../../csrc/com/xuggle/xuggler/Container.cpp:863)
2014-06-01 07:25:27,680 [http-8080-1] ERROR org.ffmpeg - [mp3 @ 0x7f51500bd440] Header missing
2014-06-01 07:25:27,758 [http-8080-1] ERROR org.ffmpeg - [mp3 @ 0x7f5150146da0] Header missing
2014-06-01 07:25:54,579 [Finalizer] DEBUG com.xuggle.xuggler - Closing dangling Container (../../../../../../../csrc/com/xuggle/xuggler/Container.cpp:146)
2014-06-01 07:25:54,580 [Finalizer] DEBUG com.xuggle.xuggler - Closing dangling StreamCoder (../../../../../../../csrc/com/xuggle/xuggler/StreamCoder.cpp:96)
2014-06-01 07:25:54,583 [Finalizer] DEBUG com.xuggle.xuggler - Closing dangling Container (../../../../../../../csrc/com/xuggle/xuggler/Container.cpp:146)
2014-06-01 07:25:54,585 [Finalizer] DEBUG com.xuggle.xuggler - Closing dangling Container (../../../../../../../csrc/com/xuggle/xuggler/Container.cpp:146)
2014-06-01 07:25:54,585 [Finalizer] DEBUG com.xuggle.xuggler - Closing dangling StreamCoder (../../../../../../../csrc/com/xuggle/xuggler/StreamCoder.cpp:96)
2014-06-01 07:25:54,591 [Finalizer] DEBUG com.xuggle.xuggler - Closing dangling Container (../../../../../../../csrc/com/xuggle/xuggler/Container.cpp:146)
2014-06-01 07:25:54,591 [Finalizer] DEBUG com.xuggle.xuggler - Closing dangling StreamCoder (../../../../../../../csrc/com/xuggle/xuggler/StreamCoder.cpp:96)
2014-06-01 07:25:54,591 [Finalizer] DEBUG com.xuggle.xuggler - Closing dangling Container (../../../../../../../csrc/com/xuggle/xuggler/Container.cpp:146)
2014-06-01 07:25:54,591 [Finalizer] DEBUG com.xuggle.xuggler - Closing dangling StreamCoder (../../../../../../../csrc/com/xuggle/xuggler/StreamCoder.cpp:96)
2014-06-01 07:27:07,244 [http-8080-1] WARN  com.xuggle.xuggler - writeTrailer() with no matching call to writeHeader() (../../../../../../../csrc/com/xuggle/xuggler/Container.cpp:863)
2014-06-01 07:27:07,254 [http-8080-1] ERROR org.ffmpeg - [mp3 @ 0x7f25f3d19360] Header missing
2014-06-01 07:27:07,334 [http-8080-1] ERROR org.ffmpeg - [mp3 @ 0x7f25e650cdc0] Header missing
2014-06-01 07:29:19,512 [http-8080-1] WARN  com.xuggle.xuggler - writeTrailer() with no matching call to writeHeader() (../../../../../../../csrc/com/xuggle/xuggler/Container.cpp:863)
2014-06-01 07:29:19,520 [http-8080-1] ERROR org.ffmpeg - [mp3 @ 0x7f6c98a05cc0] Header missing
2014-06-01 07:29:19,599 [http-8080-1] ERROR org.ffmpeg - [mp3 @ 0x7f6c9a878f80] Header missing
2014-06-01 07:30:17,640 [http-8080-2] WARN  com.xuggle.xuggler - writeTrailer() with no matching call to writeHeader() (../../../../../../../csrc/com/xuggle/xuggler/Container.cpp:863)
2014-06-01 07:30:17,640 [http-8080-1] WARN  com.xuggle.xuggler - writeTrailer() with no matching call to writeHeader() (../../../../../../../csrc/com/xuggle/xuggler/Container.cpp:863)
2014-06-01 07:30:17,650 [http-8080-1] ERROR org.ffmpeg - [mp3 @ 0x7fec488a4900] Header missing
2014-06-01 07:30:17,650 [http-8080-2] ERROR org.ffmpeg - [mp3 @ 0x7fec54a7a4e0] Header missing
2014-06-01 07:30:17,739 [http-8080-2] ERROR org.ffmpeg - [mp3 @ 0x7fec55e00200] Header missing
2014-06-01 07:30:17,739 [http-8080-1] ERROR org.ffmpeg - [mp3 @ 0x7fec493ebce0] Header missing
2014-06-01 07:31:05,763 [http-8080-1] WARN  com.xuggle.xuggler - writeTrailer() with no matching call to writeHeader() (../../../../../../../csrc/com/xuggle/xuggler/Container.cpp:863)
2014-06-01 07:31:05,771 [http-8080-1] ERROR org.ffmpeg - [mp3 @ 0x7f9b5c5ac2c0] Header missing
2014-06-01 07:31:05,846 [http-8080-1] ERROR org.ffmpeg - [mp3 @ 0x7f9b5d3d6380] Header missing
2014-06-01 07:31:09,181 [Finalizer] DEBUG com.xuggle.xuggler - Closing dangling Container (../../../../../../../csrc/com/xuggle/xuggler/Container.cpp:146)
2014-06-01 07:31:09,181 [Finalizer] DEBUG com.xuggle.xuggler - Closing dangling StreamCoder (../../../../../../../csrc/com/xuggle/xuggler/StreamCoder.cpp:96)
2014-06-01 07:31:09,185 [Finalizer] DEBUG com.xuggle.xuggler - Closing dangling Container (../../../../../../../csrc/com/xuggle/xuggler/Container.cpp:146)
2014-06-01 07:31:09,185 [Finalizer] DEBUG com.xuggle.xuggler - Closing dangling StreamCoder (../../../../../../../csrc/com/xuggle/xuggler/StreamCoder.cpp:96)
2014-06-01 07:31:09,186 [Finalizer] DEBUG com.xuggle.xuggler - Closing dangling Container (../../../../../../../csrc/com/xuggle/xuggler/Container.cpp:146)
2014-06-01 07:31:09,187 [Finalizer] DEBUG com.xuggle.xuggler - Closing dangling StreamCoder (../../../../../../../csrc/com/xuggle/xuggler/StreamCoder.cpp:96)
2014-06-01 07:31:09,193 [Finalizer] DEBUG com.xuggle.xuggler - Closing dangling Container (../../../../../../../csrc/com/xuggle/xuggler/Container.cpp:146)
2014-06-01 07:31:09,194 [Finalizer] DEBUG com.xuggle.xuggler - Closing dangling StreamCoder (../../../../../../../csrc/com/xuggle/xuggler/StreamCoder.cpp:96)
2014-06-01 07:31:09,194 [Finalizer] DEBUG com.xuggle.xuggler - Closing dangling Container (../../../../../../../csrc/com/xuggle/xuggler/Container.cpp:146)
2014-06-01 07:33:26,532 [http-8080-1] WARN  com.xuggle.xuggler - writeTrailer() with no matching call to writeHeader() (../../../../../../../csrc/com/xuggle/xuggler/Container.cpp:863)
2014-06-01 07:33:26,540 [http-8080-1] ERROR org.ffmpeg - [mp3 @ 0x7f32f42543a0] Header missing
2014-06-01 07:33:26,617 [http-8080-1] ERROR org.ffmpeg - [mp3 @ 0x7f32f653fd60] Header missing
2014-06-01 07:33:26,721 [Finalizer] DEBUG com.xuggle.xuggler - Closing dangling Container (../../../../../../../csrc/com/xuggle/xuggler/Container.cpp:146)
2014-06-01 07:33:26,722 [Finalizer] DEBUG com.xuggle.xuggler - Closing dangling StreamCoder (../../../../../../../csrc/com/xuggle/xuggler/StreamCoder.cpp:96)
2014-06-01 07:33:26,725 [Finalizer] DEBUG com.xuggle.xuggler - Closing dangling Container (../../../../../../../csrc/com/xuggle/xuggler/Container.cpp:146)
2014-06-01 07:33:26,725 [Finalizer] DEBUG com.xuggle.xuggler - Closing dangling StreamCoder (../../../../../../../csrc/com/xuggle/xuggler/StreamCoder.cpp:96)
2014-06-01 07:33:26,730 [Finalizer] DEBUG com.xuggle.xuggler - Closing dangling Container (../../../../../../../csrc/com/xuggle/xuggler/Container.cpp:146)
2014-06-01 07:33:26,730 [Finalizer] DEBUG com.xuggle.xuggler - Closing dangling StreamCoder (../../../../../../../csrc/com/xuggle/xuggler/StreamCoder.cpp:96)
2014-06-01 07:33:26,736 [Finalizer] DEBUG com.xuggle.xuggler - Closing dangling Container (../../../../../../../csrc/com/xuggle/xuggler/Container.cpp:146)
2014-06-01 07:33:26,737 [Finalizer] DEBUG com.xuggle.xuggler - Closing dangling StreamCoder (../../../../../../../csrc/com/xuggle/xuggler/StreamCoder.cpp:96)
2014-06-01 07:33:26,737 [Finalizer] DEBUG com.xuggle.xuggler - Closing dangling Container (../../../../../../../csrc/com/xuggle/xuggler/Container.cpp:146)
2014-06-06 00:19:26,583 [http-8080-1] WARN  com.xuggle.xuggler - writeTrailer() with no matching call to writeHeader() (../../../../../../../csrc/com/xuggle/xuggler/Container.cpp:863)
2014-06-06 00:19:26,644 [http-8080-1] ERROR org.ffmpeg - [mp3 @ 0x7f3bc986cf00] Header missing
2014-06-06 00:19:26,729 [http-8080-1] ERROR org.ffmpeg - [mp3 @ 0x7f3bcb7c9400] Header missing
2014-06-06 00:19:38,262 [Finalizer] DEBUG com.xuggle.xuggler - Closing dangling Container (../../../../../../../csrc/com/xuggle/xuggler/Container.cpp:146)
2014-06-06 00:19:38,263 [Finalizer] DEBUG com.xuggle.xuggler - Closing dangling StreamCoder (../../../../../../../csrc/com/xuggle/xuggler/StreamCoder.cpp:96)
2014-06-06 00:19:38,263 [Finalizer] DEBUG com.xuggle.xuggler - Closing dangling Container (../../../../../../../csrc/com/xuggle/xuggler/Container.cpp:146)
2014-06-06 00:19:38,263 [Finalizer] DEBUG com.xuggle.xuggler - Closing dangling StreamCoder (../../../../../../../csrc/com/xuggle/xuggler/StreamCoder.cpp:96)
2014-06-06 00:19:38,269 [Finalizer] DEBUG com.xuggle.xuggler - Closing dangling Container (../../../../../../../csrc/com/xuggle/xuggler/Container.cpp:146)
2014-06-06 00:19:38,269 [Finalizer] DEBUG com.xuggle.xuggler - Closing dangling StreamCoder (../../../../../../../csrc/com/xuggle/xuggler/StreamCoder.cpp:96)
2014-06-06 00:19:38,269 [Finalizer] DEBUG com.xuggle.xuggler - Closing dangling Container (../../../../../../../csrc/com/xuggle/xuggler/Container.cpp:146)
2014-06-06 00:19:38,270 [Finalizer] DEBUG com.xuggle.xuggler - Closing dangling Container (../../../../../../../csrc/com/xuggle/xuggler/Container.cpp:146)
2014-06-06 00:19:38,270 [Finalizer] DEBUG com.xuggle.xuggler - Closing dangling StreamCoder (../../../../../../../csrc/com/xuggle/xuggler/StreamCoder.cpp:96)
2014-06-06 00:35:13,037 [http-8080-2] WARN  com.xuggle.xuggler - writeTrailer() with no matching call to writeHeader() (../../../../../../../csrc/com/xuggle/xuggler/Container.cpp:863)
2014-06-06 00:35:13,046 [http-8080-2] ERROR org.ffmpeg - [mp3 @ 0x7f40231d74a0] Header missing
2014-06-06 00:35:13,124 [http-8080-2] ERROR org.ffmpeg - [mp3 @ 0x7f40254ecde0] Header missing
2014-06-06 00:51:48,664 [http-8080-1] WARN  com.xuggle.xuggler - writeTrailer() with no matching call to writeHeader() (../../../../../../../csrc/com/xuggle/xuggler/Container.cpp:863)
2014-06-06 00:51:48,672 [http-8080-1] ERROR org.ffmpeg - [mp3 @ 0x7fb655b9b5e0] Header missing
2014-06-06 00:51:48,739 [http-8080-1] ERROR org.ffmpeg - [mp3 @ 0x7fb655e65360] Header missing
2014-06-06 00:53:29,528 [http-8080-1] WARN  com.xuggle.xuggler - writeTrailer() with no matching call to writeHeader() (../../../../../../../csrc/com/xuggle/xuggler/Container.cpp:863)
2014-06-06 00:53:29,536 [http-8080-1] ERROR org.ffmpeg - [mp3 @ 0x7fe9899c9c20] Header missing
2014-06-06 00:53:29,614 [http-8080-1] ERROR org.ffmpeg - [mp3 @ 0x7fe98a7dd260] Header missing
2014-06-06 01:10:32,387 [Finalizer] DEBUG com.xuggle.xuggler - Closing dangling Container (../../../../../../../csrc/com/xuggle/xuggler/Container.cpp:146)
2014-06-06 01:10:32,388 [Finalizer] DEBUG com.xuggle.xuggler - Closing dangling StreamCoder (../../../../../../../csrc/com/xuggle/xuggler/StreamCoder.cpp:96)
2014-06-06 01:10:32,394 [Finalizer] DEBUG com.xuggle.xuggler - Closing dangling Container (../../../../../../../csrc/com/xuggle/xuggler/Container.cpp:146)
2014-06-06 01:10:32,394 [Finalizer] DEBUG com.xuggle.xuggler - Closing dangling StreamCoder (../../../../../../../csrc/com/xuggle/xuggler/StreamCoder.cpp:96)
2014-06-06 01:10:32,394 [Finalizer] DEBUG com.xuggle.xuggler - Closing dangling Container (../../../../../../../csrc/com/xuggle/xuggler/Container.cpp:146)
2014-06-06 01:10:32,396 [Finalizer] DEBUG com.xuggle.xuggler - Closing dangling Container (../../../../../../../csrc/com/xuggle/xuggler/Container.cpp:146)
2014-06-06 01:10:32,396 [Finalizer] DEBUG com.xuggle.xuggler - Closing dangling StreamCoder (../../../../../../../csrc/com/xuggle/xuggler/StreamCoder.cpp:96)
2014-06-06 01:10:32,397 [Finalizer] DEBUG com.xuggle.xuggler - Closing dangling Container (../../../../../../../csrc/com/xuggle/xuggler/Container.cpp:146)
2014-06-06 01:10:32,397 [Finalizer] DEBUG com.xuggle.xuggler - Closing dangling StreamCoder (../../../../../../../csrc/com/xuggle/xuggler/StreamCoder.cpp:96)
2014-06-06 01:10:58,707 [http-8080-1] WARN  com.xuggle.xuggler - writeTrailer() with no matching call to writeHeader() (../../../../../../../csrc/com/xuggle/xuggler/Container.cpp:863)
2014-06-06 01:10:58,715 [http-8080-1] ERROR org.ffmpeg - [mp3 @ 0x7f4083c8fc00] Header missing
2014-06-06 01:10:58,791 [http-8080-1] ERROR org.ffmpeg - [mp3 @ 0x7f4075c0c9e0] Header missing
2014-06-06 01:26:21,549 [http-8080-1] WARN  com.xuggle.xuggler - writeTrailer() with no matching call to writeHeader() (../../../../../../../csrc/com/xuggle/xuggler/Container.cpp:863)
2014-06-06 01:26:21,558 [http-8080-1] ERROR org.ffmpeg - [mp3 @ 0x7f2240487aa0] Header missing
2014-06-06 01:26:21,635 [http-8080-1] ERROR org.ffmpeg - [mp3 @ 0x7f2241e3d940] Header missing
2014-06-06 01:54:07,185 [http-8080-1] WARN  com.xuggle.xuggler - writeTrailer() with no matching call to writeHeader() (../../../../../../../csrc/com/xuggle/xuggler/Container.cpp:863)
2014-06-06 01:54:07,193 [http-8080-1] ERROR org.ffmpeg - [mp3 @ 0x7fe385921460] Header missing
2014-06-06 01:54:07,272 [http-8080-1] ERROR org.ffmpeg - [mp3 @ 0x7fe3787076e0] Header missing
2014-06-06 01:54:07,503 [Finalizer] DEBUG com.xuggle.xuggler - Closing dangling Container (../../../../../../../csrc/com/xuggle/xuggler/Container.cpp:146)
2014-06-06 01:54:07,505 [Finalizer] DEBUG com.xuggle.xuggler - Closing dangling StreamCoder (../../../../../../../csrc/com/xuggle/xuggler/StreamCoder.cpp:96)
2014-06-06 01:54:07,514 [Finalizer] DEBUG com.xuggle.xuggler - Closing dangling Container (../../../../../../../csrc/com/xuggle/xuggler/Container.cpp:146)
2014-06-06 01:54:07,514 [Finalizer] DEBUG com.xuggle.xuggler - Closing dangling StreamCoder (../../../../../../../csrc/com/xuggle/xuggler/StreamCoder.cpp:96)
2014-06-06 01:54:07,517 [Finalizer] DEBUG com.xuggle.xuggler - Closing dangling Container (../../../../../../../csrc/com/xuggle/xuggler/Container.cpp:146)
2014-06-06 01:54:07,517 [Finalizer] DEBUG com.xuggle.xuggler - Closing dangling StreamCoder (../../../../../../../csrc/com/xuggle/xuggler/StreamCoder.cpp:96)
2014-06-06 01:54:07,518 [Finalizer] DEBUG com.xuggle.xuggler - Closing dangling Container (../../../../../../../csrc/com/xuggle/xuggler/Container.cpp:146)
2014-06-06 01:54:07,518 [Finalizer] DEBUG com.xuggle.xuggler - Closing dangling Container (../../../../../../../csrc/com/xuggle/xuggler/Container.cpp:146)
2014-06-06 01:54:07,518 [Finalizer] DEBUG com.xuggle.xuggler - Closing dangling StreamCoder (../../../../../../../csrc/com/xuggle/xuggler/StreamCoder.cpp:96)
2014-06-06 01:56:24,092 [http-8080-1] WARN  com.xuggle.xuggler - writeTrailer() with no matching call to writeHeader() (../../../../../../../csrc/com/xuggle/xuggler/Container.cpp:863)
2014-06-06 01:56:24,100 [http-8080-1] ERROR org.ffmpeg - [mp3 @ 0x7fe032d22520] Header missing
2014-06-06 01:56:24,172 [http-8080-1] ERROR org.ffmpeg - [mp3 @ 0x7fdffb75bca0] Header missing
2014-06-06 02:46:34,552 [http-8080-1] WARN  com.xuggle.xuggler - writeTrailer() with no matching call to writeHeader() (../../../../../../../csrc/com/xuggle/xuggler/Container.cpp:863)
2014-06-06 02:46:34,561 [http-8080-1] ERROR org.ffmpeg - [mp3 @ 0x7f5da76ae0a0] Header missing
2014-06-06 02:46:34,641 [http-8080-1] ERROR org.ffmpeg - [mp3 @ 0x7f5da94f4fe0] Header missing
2014-06-06 03:20:12,938 [http-8080-1] WARN  com.xuggle.xuggler - writeTrailer() with no matching call to writeHeader() (../../../../../../../csrc/com/xuggle/xuggler/Container.cpp:863)
2014-06-06 03:20:12,949 [http-8080-1] ERROR org.ffmpeg - [mp3 @ 0x7ff8a706eb20] Header missing
2014-06-06 03:20:13,055 [http-8080-1] ERROR org.ffmpeg - [mp3 @ 0x7ff8a987f700] Header missing
2014-06-06 03:20:55,743 [http-8080-1] WARN  com.xuggle.xuggler - writeTrailer() with no matching call to writeHeader() (../../../../../../../csrc/com/xuggle/xuggler/Container.cpp:863)
2014-06-06 03:20:55,751 [http-8080-1] ERROR org.ffmpeg - [mp3 @ 0x7f69bbb318c0] Header missing
2014-06-06 03:20:55,826 [http-8080-1] ERROR org.ffmpeg - [mp3 @ 0x7f69766db6c0] Header missing
2014-06-06 04:18:36,533 [http-8080-1] WARN  com.xuggle.xuggler - writeTrailer() with no matching call to writeHeader() (../../../../../../../csrc/com/xuggle/xuggler/Container.cpp:863)
2014-06-06 04:18:36,542 [http-8080-1] ERROR org.ffmpeg - [mp3 @ 0x7f4c2afdcc80] Header missing
2014-06-06 04:18:36,619 [http-8080-1] ERROR org.ffmpeg - [mp3 @ 0x7f4c2bb6b640] Header missing
2014-06-06 04:22:18,872 [http-8080-1] WARN  com.xuggle.xuggler - writeTrailer() with no matching call to writeHeader() (../../../../../../../csrc/com/xuggle/xuggler/Container.cpp:863)
2014-06-06 04:22:18,881 [http-8080-1] ERROR org.ffmpeg - [mp3 @ 0x7ffdc863e740] Header missing
2014-06-06 04:22:18,956 [http-8080-1] ERROR org.ffmpeg - [mp3 @ 0x7ffdc8c99580] Header missing
2014-06-06 04:24:53,922 [http-8080-1] WARN  com.xuggle.xuggler - writeTrailer() with no matching call to writeHeader() (../../../../../../../csrc/com/xuggle/xuggler/Container.cpp:863)
2014-06-06 04:24:53,931 [http-8080-1] ERROR org.ffmpeg - [mp3 @ 0x7f86c3683ac0] Header missing
2014-06-06 04:24:54,007 [http-8080-1] ERROR org.ffmpeg - [mp3 @ 0x7f86b4440a60] Header missing
2014-06-06 04:27:44,601 [http-8080-1] WARN  com.xuggle.xuggler - writeTrailer() with no matching call to writeHeader() (../../../../../../../csrc/com/xuggle/xuggler/Container.cpp:863)
2014-06-06 04:27:44,609 [http-8080-1] ERROR org.ffmpeg - [mp3 @ 0x7faabd92b280] Header missing
2014-06-06 04:27:44,685 [http-8080-1] ERROR org.ffmpeg - [mp3 @ 0x7faabe786840] Header missing
2014-06-06 04:29:55,391 [Finalizer] DEBUG com.xuggle.xuggler - Closing dangling Container (../../../../../../../csrc/com/xuggle/xuggler/Container.cpp:146)
2014-06-06 04:29:55,393 [Finalizer] DEBUG com.xuggle.xuggler - Closing dangling Container (../../../../../../../csrc/com/xuggle/xuggler/Container.cpp:146)
2014-06-06 04:30:21,531 [http-8080-1] WARN  com.xuggle.xuggler - writeTrailer() with no matching call to writeHeader() (../../../../../../../csrc/com/xuggle/xuggler/Container.cpp:863)
2014-06-06 04:30:21,539 [http-8080-1] ERROR org.ffmpeg - [mp3 @ 0x7f80ebdd6ee0] Header missing
2014-06-06 04:30:21,616 [http-8080-1] ERROR org.ffmpeg - [mp3 @ 0x7f80eddd5aa0] Header missing
2014-06-06 04:33:03,078 [http-8080-1] WARN  com.xuggle.xuggler - writeTrailer() with no matching call to writeHeader() (../../../../../../../csrc/com/xuggle/xuggler/Container.cpp:863)
2014-06-06 04:33:03,086 [http-8080-1] ERROR org.ffmpeg - [mp3 @ 0x7f2067dbdd00] Header missing
2014-06-06 04:33:03,161 [http-8080-1] ERROR org.ffmpeg - [mp3 @ 0x7f20697aecc0] Header missing
2014-06-06 04:35:45,714 [http-8080-1] WARN  com.xuggle.xuggler - writeTrailer() with no matching call to writeHeader() (../../../../../../../csrc/com/xuggle/xuggler/Container.cpp:863)
2014-06-06 04:35:45,722 [http-8080-1] ERROR org.ffmpeg - [mp3 @ 0x7fd480242ac0] Header missing
2014-06-06 04:35:45,792 [http-8080-1] ERROR org.ffmpeg - [mp3 @ 0x7fd48301ebc0] Header missing
2014-06-06 04:37:39,008 [http-8080-1] WARN  com.xuggle.xuggler - writeTrailer() with no matching call to writeHeader() (../../../../../../../csrc/com/xuggle/xuggler/Container.cpp:863)
2014-06-06 04:37:39,016 [http-8080-1] ERROR org.ffmpeg - [mp3 @ 0x7ffe2af33320] Header missing
2014-06-06 04:37:39,088 [http-8080-1] ERROR org.ffmpeg - [mp3 @ 0x7ffe2bfef620] Header missing
2014-06-06 04:44:23,732 [http-8080-1] WARN  com.xuggle.xuggler - writeTrailer() with no matching call to writeHeader() (../../../../../../../csrc/com/xuggle/xuggler/Container.cpp:863)
2014-06-06 04:44:23,740 [http-8080-1] ERROR org.ffmpeg - [mp3 @ 0x7fd5bb32b420] Header missing
2014-06-06 04:44:23,817 [http-8080-1] ERROR org.ffmpeg - [mp3 @ 0x7fd5bcfe8ea0] Header missing
2014-06-06 04:52:59,563 [http-8080-1] WARN  com.xuggle.xuggler - writeTrailer() with no matching call to writeHeader() (../../../../../../../csrc/com/xuggle/xuggler/Container.cpp:863)
2014-06-06 04:52:59,571 [http-8080-1] ERROR org.ffmpeg - [mp3 @ 0x7f1212b66520] Header missing
2014-06-06 04:52:59,643 [http-8080-1] ERROR org.ffmpeg - [mp3 @ 0x7f11db5bda00] Header missing
2014-06-06 04:58:38,173 [http-8080-1] WARN  com.xuggle.xuggler - writeTrailer() with no matching call to writeHeader() (../../../../../../../csrc/com/xuggle/xuggler/Container.cpp:863)
2014-06-06 04:58:38,181 [http-8080-1] ERROR org.ffmpeg - [mp3 @ 0x7f909637f2e0] Header missing
2014-06-06 04:58:38,257 [http-8080-1] ERROR org.ffmpeg - [mp3 @ 0x7f90981ce7c0] Header missing
2014-06-06 05:01:56,159 [http-8080-1] WARN  com.xuggle.xuggler - writeTrailer() with no matching call to writeHeader() (../../../../../../../csrc/com/xuggle/xuggler/Container.cpp:863)
2014-06-06 05:01:56,167 [http-8080-1] ERROR org.ffmpeg - [mp3 @ 0x7f5fec75c800] Header missing
2014-06-06 05:01:56,244 [http-8080-1] ERROR org.ffmpeg - [mp3 @ 0x7f5fef28dd80] Header missing
2014-06-06 05:10:44,804 [Finalizer] DEBUG com.xuggle.xuggler - Closing dangling Container (../../../../../../../csrc/com/xuggle/xuggler/Container.cpp:146)
2014-06-06 05:10:44,807 [Finalizer] DEBUG com.xuggle.xuggler - Closing dangling Container (../../../../../../../csrc/com/xuggle/xuggler/Container.cpp:146)
2014-06-06 05:10:44,809 [Finalizer] DEBUG com.xuggle.xuggler - Closing dangling Container (../../../../../../../csrc/com/xuggle/xuggler/Container.cpp:146)
2014-06-06 05:11:06,589 [http-8080-1] WARN  com.xuggle.xuggler - writeTrailer() with no matching call to writeHeader() (../../../../../../../csrc/com/xuggle/xuggler/Container.cpp:863)
2014-06-06 05:11:06,597 [http-8080-1] ERROR org.ffmpeg - [mp3 @ 0x7f8f9d966680] Header missing
2014-06-06 05:11:06,678 [http-8080-1] ERROR org.ffmpeg - [mp3 @ 0x7f8f9fc59aa0] Header missing
2014-06-06 05:14:52,069 [Finalizer] DEBUG com.xuggle.xuggler - Closing dangling Container (../../../../../../../csrc/com/xuggle/xuggler/Container.cpp:146)
2014-06-06 05:14:52,069 [Finalizer] DEBUG com.xuggle.xuggler - Closing dangling StreamCoder (../../../../../../../csrc/com/xuggle/xuggler/StreamCoder.cpp:96)
2014-06-06 05:14:52,072 [Finalizer] DEBUG com.xuggle.xuggler - Closing dangling Container (../../../../../../../csrc/com/xuggle/xuggler/Container.cpp:146)
2014-06-06 05:14:52,072 [Finalizer] DEBUG com.xuggle.xuggler - Closing dangling StreamCoder (../../../../../../../csrc/com/xuggle/xuggler/StreamCoder.cpp:96)
2014-06-06 05:14:52,075 [Finalizer] DEBUG com.xuggle.xuggler - Closing dangling Container (../../../../../../../csrc/com/xuggle/xuggler/Container.cpp:146)
2014-06-06 05:14:52,075 [Finalizer] DEBUG com.xuggle.xuggler - Closing dangling StreamCoder (../../../../../../../csrc/com/xuggle/xuggler/StreamCoder.cpp:96)
2014-06-06 05:14:52,075 [Finalizer] DEBUG com.xuggle.xuggler - Closing dangling Container (../../../../../../../csrc/com/xuggle/xuggler/Container.cpp:146)
2014-06-06 05:14:52,076 [Finalizer] DEBUG com.xuggle.xuggler - Closing dangling Container (../../../../../../../csrc/com/xuggle/xuggler/Container.cpp:146)
2014-06-06 05:14:52,076 [Finalizer] DEBUG com.xuggle.xuggler - Closing dangling StreamCoder (../../../../../../../csrc/com/xuggle/xuggler/StreamCoder.cpp:96)
2014-06-06 05:15:15,443 [http-8080-1] WARN  com.xuggle.xuggler - writeTrailer() with no matching call to writeHeader() (../../../../../../../csrc/com/xuggle/xuggler/Container.cpp:863)
2014-06-06 05:15:15,451 [http-8080-1] ERROR org.ffmpeg - [mp3 @ 0x7f7c1c565960] Header missing
2014-06-06 05:15:15,528 [http-8080-1] ERROR org.ffmpeg - [mp3 @ 0x7f7c1e4b50e0] Header missing
2014-06-06 05:15:23,095 [Finalizer] DEBUG com.xuggle.xuggler - Closing dangling Container (../../../../../../../csrc/com/xuggle/xuggler/Container.cpp:146)
2014-06-06 05:15:23,096 [Finalizer] DEBUG com.xuggle.xuggler - Closing dangling StreamCoder (../../../../../../../csrc/com/xuggle/xuggler/StreamCoder.cpp:96)
2014-06-06 05:15:23,098 [Finalizer] DEBUG com.xuggle.xuggler - Closing dangling Container (../../../../../../../csrc/com/xuggle/xuggler/Container.cpp:146)
2014-06-06 05:15:23,098 [Finalizer] DEBUG com.xuggle.xuggler - Closing dangling StreamCoder (../../../../../../../csrc/com/xuggle/xuggler/StreamCoder.cpp:96)
2014-06-06 05:15:23,100 [Finalizer] DEBUG com.xuggle.xuggler - Closing dangling Container (../../../../../../../csrc/com/xuggle/xuggler/Container.cpp:146)
2014-06-06 05:15:23,100 [Finalizer] DEBUG com.xuggle.xuggler - Closing dangling StreamCoder (../../../../../../../csrc/com/xuggle/xuggler/StreamCoder.cpp:96)
2014-06-06 05:15:23,105 [Finalizer] DEBUG com.xuggle.xuggler - Closing dangling Container (../../../../../../../csrc/com/xuggle/xuggler/Container.cpp:146)
2014-06-06 05:15:23,106 [Finalizer] DEBUG com.xuggle.xuggler - Closing dangling StreamCoder (../../../../../../../csrc/com/xuggle/xuggler/StreamCoder.cpp:96)
2014-06-06 05:15:23,106 [Finalizer] DEBUG com.xuggle.xuggler - Closing dangling Container (../../../../../../../csrc/com/xuggle/xuggler/Container.cpp:146)
2014-06-06 05:42:26,199 [http-8080-1] WARN  com.xuggle.xuggler - writeTrailer() with no matching call to writeHeader() (../../../../../../../csrc/com/xuggle/xuggler/Container.cpp:863)
2014-06-06 05:42:26,207 [http-8080-1] ERROR org.ffmpeg - [mp3 @ 0x7f7807270560] Header missing
2014-06-06 05:42:26,284 [http-8080-1] ERROR org.ffmpeg - [mp3 @ 0x7f7807d43f20] Header missing
2014-06-06 05:42:30,280 [Finalizer] DEBUG com.xuggle.xuggler - Closing dangling Container (../../../../../../../csrc/com/xuggle/xuggler/Container.cpp:146)
2014-06-06 05:42:30,281 [Finalizer] DEBUG com.xuggle.xuggler - Closing dangling StreamCoder (../../../../../../../csrc/com/xuggle/xuggler/StreamCoder.cpp:96)
2014-06-06 05:42:30,283 [Finalizer] DEBUG com.xuggle.xuggler - Closing dangling Container (../../../../../../../csrc/com/xuggle/xuggler/Container.cpp:146)
2014-06-06 05:42:30,283 [Finalizer] DEBUG com.xuggle.xuggler - Closing dangling StreamCoder (../../../../../../../csrc/com/xuggle/xuggler/StreamCoder.cpp:96)
2014-06-06 05:42:30,284 [Finalizer] DEBUG com.xuggle.xuggler - Closing dangling Container (../../../../../../../csrc/com/xuggle/xuggler/Container.cpp:146)
2014-06-06 05:42:30,285 [Finalizer] DEBUG com.xuggle.xuggler - Closing dangling StreamCoder (../../../../../../../csrc/com/xuggle/xuggler/StreamCoder.cpp:96)
2014-06-06 05:42:30,287 [Finalizer] DEBUG com.xuggle.xuggler - Closing dangling Container (../../../../../../../csrc/com/xuggle/xuggler/Container.cpp:146)
2014-06-06 05:42:30,287 [Finalizer] DEBUG com.xuggle.xuggler - Closing dangling StreamCoder (../../../../../../../csrc/com/xuggle/xuggler/StreamCoder.cpp:96)
2014-06-06 05:42:30,287 [Finalizer] DEBUG com.xuggle.xuggler - Closing dangling Container (../../../../../../../csrc/com/xuggle/xuggler/Container.cpp:146)
2014-06-06 05:44:56,995 [http-8080-2] WARN  com.xuggle.xuggler - writeTrailer() with no matching call to writeHeader() (../../../../../../../csrc/com/xuggle/xuggler/Container.cpp:863)
2014-06-06 05:44:57,003 [http-8080-2] ERROR org.ffmpeg - [mp3 @ 0x7f6ad7520120] Header missing
2014-06-06 05:44:57,080 [http-8080-2] ERROR org.ffmpeg - [mp3 @ 0x7f6ad9d91040] Header missing
2014-06-06 05:45:10,508 [Finalizer] DEBUG com.xuggle.xuggler - Closing dangling Container (../../../../../../../csrc/com/xuggle/xuggler/Container.cpp:146)
2014-06-06 05:45:10,509 [Finalizer] DEBUG com.xuggle.xuggler - Closing dangling StreamCoder (../../../../../../../csrc/com/xuggle/xuggler/StreamCoder.cpp:96)
2014-06-06 05:45:10,512 [Finalizer] DEBUG com.xuggle.xuggler - Closing dangling Container (../../../../../../../csrc/com/xuggle/xuggler/Container.cpp:146)
2014-06-06 05:45:10,512 [Finalizer] DEBUG com.xuggle.xuggler - Closing dangling StreamCoder (../../../../../../../csrc/com/xuggle/xuggler/StreamCoder.cpp:96)
2014-06-06 05:45:10,512 [Finalizer] DEBUG com.xuggle.xuggler - Closing dangling Container (../../../../../../../csrc/com/xuggle/xuggler/Container.cpp:146)
2014-06-06 05:45:10,512 [Finalizer] DEBUG com.xuggle.xuggler - Closing dangling StreamCoder (../../../../../../../csrc/com/xuggle/xuggler/StreamCoder.cpp:96)
2014-06-06 05:45:10,518 [Finalizer] DEBUG com.xuggle.xuggler - Closing dangling Container (../../../../../../../csrc/com/xuggle/xuggler/Container.cpp:146)
2014-06-06 05:45:10,518 [Finalizer] DEBUG com.xuggle.xuggler - Closing dangling StreamCoder (../../../../../../../csrc/com/xuggle/xuggler/StreamCoder.cpp:96)
2014-06-06 05:45:10,519 [Finalizer] DEBUG com.xuggle.xuggler - Closing dangling Container (../../../../../../../csrc/com/xuggle/xuggler/Container.cpp:146)
